\BOOKMARK [-1][-]{part.1}{\376\377\000I\000\040\000F\000i\000l\000e\000\040\000f\000o\000r\000m\000a\000t\000\040\000g\000u\000i\000d\000e}{}% 1
\BOOKMARK [0][-]{chapter.1}{\376\377\000T\000h\000e\000\040\000p\000r\000o\000j\000e\000c\000t\000\040\000i\000n\000\040\000a\000\040\000n\000u\000t\000s\000h\000e\000l\000l}{part.1}% 2
\BOOKMARK [1][-]{section.1.1}{\376\377\000T\000h\000e\000\040\000s\000t\000r\000a\000t\000e\000g\000y\000\040\000f\000o\000r\000\040\000u\000n\000i\000f\000y\000i\000n\000g\000\040\000t\000h\000e\000\040\000f\000i\000e\000l\000d\000\040\000o\000f\000\040\000B\000r\000i\000l\000l\000o\000u\000i\000n\000\040\000L\000i\000g\000h\000t\000\040\000S\000c\000a\000t\000t\000e\000r\000i\000n\000g\000\040\000\050\000B\000L\000S\000\051\000\040\000d\000a\000t\000a}{chapter.1}% 3
\BOOKMARK [1][-]{section.1.2}{\376\377\000A\000\040\000q\000u\000i\000c\000k\000\040\000o\000v\000e\000r\000v\000i\000e\000w}{chapter.1}% 4
\BOOKMARK [1][-]{section.1.3}{\376\377\000F\000i\000l\000e\000\040\000f\000o\000r\000m\000a\000t\000\040\000l\000i\000m\000i\000t\000a\000t\000i\000o\000n\000s}{chapter.1}% 5
\BOOKMARK [1][-]{section.1.4}{\376\377\000S\000t\000o\000r\000i\000n\000g\000\040\000d\000i\000f\000f\000e\000r\000e\000n\000t\000\040\000d\000a\000t\000a\000s\000e\000t\000s\000\040\000i\000n\000\040\000t\000h\000e\000\040\000f\000i\000l\000e\000\040\000f\000o\000r\000m\000a\000t}{chapter.1}% 6
\BOOKMARK [0][-]{chapter.2}{\376\377\000P\000r\000o\000j\000e\000c\000t\000\040\000d\000e\000v\000e\000l\000o\000p\000m\000e\000n\000t}{part.1}% 7
\BOOKMARK [1][-]{section.2.1}{\376\377\000P\000r\000o\000j\000e\000c\000t\000\040\000s\000p\000e\000c\000i\000f\000i\000c\000a\000t\000i\000o\000n\000\040\000s\000h\000e\000e\000t}{chapter.2}% 8
\BOOKMARK [1][-]{section.2.2}{\376\377\000P\000r\000o\000j\000e\000c\000t\000\040\000s\000t\000r\000u\000c\000t\000u\000r\000e}{chapter.2}% 9
\BOOKMARK [1][-]{section.2.3}{\376\377\000P\000r\000o\000j\000e\000c\000t\000\040\000t\000i\000m\000e\000l\000i\000n\000e}{chapter.2}% 10
\BOOKMARK [1][-]{section.2.4}{\376\377\000U\000s\000e\000r\000\040\000i\000n\000t\000e\000r\000f\000a\000c\000e\000s}{chapter.2}% 11
\BOOKMARK [0][-]{chapter.3}{\376\377\000Q\000u\000i\000c\000k\000s\000t\000a\000r\000t}{part.1}% 12
\BOOKMARK [1][-]{section.3.1}{\376\377\000S\000p\000i\000r\000i\000t\000\040\000o\000f\000\040\000t\000h\000e\000\040\000p\000r\000o\000j\000e\000c\000t}{chapter.3}% 13
\BOOKMARK [1][-]{section.3.2}{\376\377\000I\000n\000s\000t\000a\000l\000l\000a\000t\000i\000o\000n}{chapter.3}% 14
\BOOKMARK [1][-]{section.3.3}{\376\377\000U\000s\000a\000g\000e}{chapter.3}% 15
\BOOKMARK [2][-]{subsection.3.3.1}{\376\377\000I\000n\000t\000e\000g\000r\000a\000t\000i\000o\000n\000\040\000t\000o\000\040\000w\000o\000r\000k\000f\000l\000o\000w}{section.3.3}% 16
\BOOKMARK [2][-]{subsection.3.3.2}{\376\377\000E\000x\000t\000r\000a\000c\000t\000i\000n\000g\000\040\000t\000h\000e\000\040\000d\000a\000t\000a\000\040\000f\000r\000o\000m\000\040\000t\000h\000e\000\040\000H\000D\000F\0005\000\040\000f\000i\000l\000e}{section.3.3}% 17
\BOOKMARK [0][-]{chapter.4}{\376\377\000T\000h\000e\000\040\000f\000i\000l\000e\000\040\000f\000o\000r\000m\000a\000t}{part.1}% 18
\BOOKMARK [1][-]{section.4.1}{\376\377\000A\000\040\000s\000i\000n\000g\000l\000e\000\040\000m\000e\000a\000s\000u\000r\000e}{chapter.4}% 19
\BOOKMARK [1][-]{section.4.2}{\376\377\000A\000\040\000s\000i\000n\000g\000l\000e\000\040\000m\000e\000a\000s\000u\000r\000e\000\040\000w\000i\000t\000h\000\040\000p\000h\000y\000s\000i\000c\000a\000l\000\040\000m\000e\000a\000n\000i\000n\000g}{chapter.4}% 20
\BOOKMARK [1][-]{section.4.3}{\376\377\000M\000u\000l\000t\000i\000p\000l\000e\000\040\000m\000e\000a\000s\000u\000r\000e\000s\000\040\000s\000t\000o\000r\000e\000d\000\040\000i\000n\000\040\000t\000h\000e\000\040\000s\000a\000m\000e\000\040\000f\000i\000l\000e}{chapter.4}% 21
\BOOKMARK [1][-]{section.4.4}{\376\377\000M\000u\000l\000t\000i\000p\000l\000e\000\040\000m\000e\000a\000s\000u\000r\000e\000s\000\040\000s\000t\000o\000r\000e\000d\000\040\000w\000i\000t\000h\000\040\000t\000h\000e\000i\000r\000\040\000r\000e\000s\000u\000l\000t\000s}{chapter.4}% 22
\BOOKMARK [1][-]{section.4.5}{\376\377\000M\000u\000l\000t\000i\000p\000l\000e\000\040\000m\000e\000a\000s\000u\000r\000e\000s\000\040\000s\000t\000o\000r\000e\000d\000\040\000w\000i\000t\000h\000\040\000t\000h\000e\000i\000r\000\040\000r\000e\000s\000u\000l\000t\000s\000\040\000a\000n\000d\000\040\000a\000l\000g\000o\000r\000i\000t\000h\000m\000s}{chapter.4}% 23
\BOOKMARK [0][-]{chapter.5}{\376\377\000N\000o\000r\000m\000a\000l\000i\000z\000a\000t\000i\000o\000n\000\040\000r\000u\000l\000e\000s\000\040\000f\000o\000r\000\040\000t\000h\000e\000\040\000B\000i\000o\000B\000r\000i\000l\000l\000o\000u\000i\000n\000\040\000c\000o\000m\000m\000u\000n\000i\000t\000y}{part.1}% 24
\BOOKMARK [1][-]{section.5.1}{\376\377\000N\000o\000r\000m\000a\000l\000i\000z\000a\000t\000i\000o\000n\000\040\000r\000u\000l\000e\000s\000\040\000f\000o\000r\000\040\000a\000t\000t\000r\000i\000b\000u\000t\000e\000s}{chapter.5}% 25
\BOOKMARK [2][-]{subsection.5.1.1}{\376\377\000T\000h\000e\000\040\000B\000r\000i\000l\000l\000o\000u\000i\000n\000\137\000t\000y\000p\000e\000\040\000A\000t\000t\000r\000i\000b\000u\000t\000e\000s}{section.5.1}% 26
\BOOKMARK [2][-]{subsection.5.1.2}{\376\377\000H\000i\000e\000r\000a\000r\000c\000h\000i\000c\000a\000l\000\040\000s\000t\000r\000o\000r\000a\000g\000e\000\040\000o\000f\000\040\000a\000t\000t\000r\000i\000b\000u\000t\000e\000s}{section.5.1}% 27
\BOOKMARK [2][-]{subsection.5.1.3}{\376\377\000A\000t\000t\000r\000i\000b\000u\000t\000e\000\040\000t\000y\000p\000e}{section.5.1}% 28
\BOOKMARK [2][-]{subsection.5.1.4}{\376\377\000O\000r\000g\000a\000n\000i\000z\000a\000t\000i\000o\000n\000\040\000o\000f\000\040\000t\000h\000e\000\040\000a\000t\000t\000r\000i\000b\000u\000t\000e\000s}{section.5.1}% 29
\BOOKMARK [3][-]{subsubsection.5.1.4.1}{\376\377\000P\000r\000e\000f\000i\000x}{subsection.5.1.4}% 30
\BOOKMARK [3][-]{subsubsection.5.1.4.2}{\376\377\000U\000n\000i\000t\000s}{subsection.5.1.4}% 31
\BOOKMARK [2][-]{subsection.5.1.5}{\376\377\000S\000t\000o\000r\000i\000n\000g\000\040\000a\000n\000a\000l\000y\000s\000i\000s\000\040\000a\000n\000d\000\040\000t\000r\000e\000a\000t\000m\000e\000n\000t\000\040\000p\000r\000o\000c\000e\000s\000s\000e\000s\000\040\000p\000e\000r\000f\000o\000r\000m\000e\000d\000\040\000w\000i\000t\000h\000\040\000t\000h\000e\000\040\000H\000D\000F\0005\000\137\000B\000L\000S\000\040\000p\000a\000c\000k\000a\000g\000e}{section.5.1}% 32
\BOOKMARK [2][-]{subsection.5.1.6}{\376\377\000S\000t\000o\000r\000i\000n\000g\000\040\000c\000u\000s\000t\000o\000m\000\040\000d\000a\000t\000a\000\040\000p\000r\000o\000c\000e\000s\000s\000i\000n\000g\000\040\000c\000o\000d\000e\000\040\000a\000n\000d\000\040\000v\000i\000s\000u\000a\000l\000i\000z\000a\000t\000i\000o\000n\000\040\000c\000o\000d\000e}{section.5.1}% 33
\BOOKMARK [1][-]{section.5.2}{\376\377\000N\000o\000r\000m\000a\000l\000i\000z\000a\000t\000i\000o\000n\000\040\000r\000u\000l\000e\000s\000\040\000f\000o\000r\000\040\000d\000a\000t\000a\000s\000e\000t\000s}{chapter.5}% 34
\BOOKMARK [2][-]{subsection.5.2.1}{\376\377\000G\000e\000n\000e\000r\000a\000l\000\040\000g\000u\000i\000d\000e\000l\000i\000n\000e\000s}{section.5.2}% 35
\BOOKMARK [2][-]{subsection.5.2.2}{\376\377\000H\000i\000e\000r\000a\000r\000c\000h\000i\000c\000a\000l\000\040\000s\000t\000o\000r\000a\000g\000e\000\040\000o\000f\000\040\000a\000b\000s\000c\000i\000s\000s\000a\000\040\000d\000a\000t\000a\000s\000e\000t\000s}{section.5.2}% 36
\BOOKMARK [2][-]{subsection.5.2.3}{\376\377\000C\000l\000a\000r\000i\000f\000i\000c\000a\000t\000i\000o\000n\000\040\000o\000n\000\040\000d\000a\000t\000a\000s\000e\000t\000\040\000s\000h\000a\000p\000e\000s}{section.5.2}% 37
\BOOKMARK [2][-]{subsection.5.2.4}{\376\377\000U\000n\000i\000f\000o\000r\000m\000\040\000s\000a\000m\000p\000l\000i\000n\000g\000\040\000e\000x\000a\000m\000p\000l\000e\000s}{section.5.2}% 38
\BOOKMARK [3][-]{subsubsection.5.2.4.1}{\376\377\000S\000e\000r\000i\000e\000s\000\040\000o\000f\000\040\000m\000e\000a\000s\000u\000r\000e\000s\000\040\000o\000n\000\040\000a\000\040\0001\000D\000\040\000a\000r\000r\000a\000y}{subsection.5.2.4}% 39
\BOOKMARK [3][-]{subsubsection.5.2.4.2}{\376\377\000S\000e\000r\000i\000e\000s\000\040\000o\000f\000\040\000m\000e\000a\000s\000u\000r\000e\000s\000\040\000o\000n\000\040\000a\000\040\0002\000D\000\040\000g\000r\000i\000d}{subsection.5.2.4}% 40
\BOOKMARK [4][-]{paragraph*.3}{\376\377\000C\000a\000s\000e\000\040\0001\000:\000\040\000U\000n\000i\000f\000o\000r\000m\000\040\000s\000a\000m\000p\000l\000i\000n\000g\000\040\000o\000n\000\040\000e\000a\000c\000h\000\040\000d\000i\000m\000e\000n\000s\000i\000o\000n\000\040\000o\000f\000\040\000t\000h\000e\000\040\000g\000r\000i\000d}{subsubsection.5.2.4.2}% 41
\BOOKMARK [4][-]{paragraph*.4}{\376\377\000C\000a\000s\000e\000\040\0002\000:\000\040\000N\000o\000n\000-\000u\000n\000i\000f\000o\000r\000m\000\040\000s\000a\000m\000p\000l\000i\000n\000g\000\040\000o\000n\000\040\000e\000a\000c\000h\000\040\000d\000i\000m\000e\000n\000s\000i\000o\000n\000\040\000o\000f\000\040\000t\000h\000e\000\040\000g\000r\000i\000d}{subsubsection.5.2.4.2}% 42
\BOOKMARK [4][-]{paragraph*.5}{\376\377\000C\000a\000s\000e\000\040\0003\000:\000\040\000N\000o\000n\000-\000u\000n\000i\000f\000o\000r\000m\000\040\000s\000a\000m\000p\000l\000i\000n\000g\000\040\000o\000n\000\040\000h\000i\000g\000h\000e\000r\000\040\000d\000i\000m\000e\000n\000s\000i\000o\000n\000s}{subsubsection.5.2.4.2}% 43
\BOOKMARK [1][-]{section.5.3}{\376\377\000N\000o\000r\000m\000a\000l\000i\000z\000a\000t\000i\000o\000n\000\040\000r\000u\000l\000e\000s\000\040\000f\000o\000r\000\040\000o\000r\000g\000a\000n\000i\000z\000i\000n\000g\000\040\000H\000D\000F\0005\000\040\000f\000i\000l\000e\000s}{chapter.5}% 44
\BOOKMARK [-1][-]{part.2}{\376\377\000I\000I\000\040\000U\000s\000e\000r\000\040\000G\000u\000i\000d\000e}{}% 45
\BOOKMARK [0][-]{chapter.6}{\376\377\000T\000h\000e\000\040\000H\000D\000F\0005\000\137\000B\000L\000S\000\040\000p\000a\000c\000k\000a\000g\000e}{part.2}% 46
\BOOKMARK [1][-]{section.6.1}{\376\377\000I\000n\000s\000t\000a\000l\000l\000a\000t\000i\000o\000n\000\040\000a\000n\000d\000\040\000p\000r\000e\000s\000e\000n\000t\000a\000t\000i\000o\000n}{chapter.6}% 47
\BOOKMARK [2][-]{subsection.6.1.1}{\376\377\000I\000n\000s\000t\000a\000l\000l\000a\000t\000i\000o\000n}{section.6.1}% 48
\BOOKMARK [3][-]{subsubsection.6.1.1.1}{\376\377\000W\000i\000t\000h\000\040\000p\000i\000p}{subsection.6.1.1}% 49
\BOOKMARK [3][-]{subsubsection.6.1.1.2}{\376\377\000F\000r\000o\000m\000\040\000s\000o\000u\000r\000c\000e}{subsection.6.1.1}% 50
\BOOKMARK [2][-]{subsection.6.1.2}{\376\377\000P\000r\000e\000s\000e\000n\000t\000a\000t\000i\000o\000n}{section.6.1}% 51
\BOOKMARK [1][-]{section.6.2}{\376\377\000T\000h\000e\000\040\000W\000r\000a\000p\000p\000e\000r\000\040\000o\000b\000j\000e\000c\000t}{chapter.6}% 52
\BOOKMARK [1][-]{section.6.3}{\376\377\000A\000d\000d\000i\000n\000g\000\040\000d\000a\000t\000a\000\040\000t\000o\000\040\000t\000h\000e\000\040\000H\000D\000F\0005\000\040\000f\000i\000l\000e\000\040\000\050\000f\000r\000o\000m\000\040\000s\000c\000r\000i\000p\000t\000\051}{chapter.6}% 53
\BOOKMARK [2][-]{subsection.6.3.1}{\376\377\000G\000e\000n\000e\000r\000a\000l\000\040\000a\000p\000p\000r\000o\000a\000c\000h\000\040\000t\000o\000\040\000a\000d\000d\000i\000n\000g\000\040\000d\000a\000t\000a\000\040\000t\000o\000\040\000t\000h\000e\000\040\000H\000D\000F\0005\000\040\000f\000i\000l\000e}{section.6.3}% 54
\BOOKMARK [2][-]{subsection.6.3.2}{\376\377\000E\000x\000c\000e\000p\000t\000i\000o\000n\000\040\0001\000:\000\040\000A\000d\000d\000i\000n\000g\000\040\000t\000r\000e\000a\000t\000e\000d\000\040\000d\000a\000t\000a}{section.6.3}% 55
\BOOKMARK [2][-]{subsection.6.3.3}{\376\377\000E\000x\000c\000e\000p\000t\000i\000o\000n\000\040\0002\000:\000\040\000A\000d\000d\000i\000n\000g\000\040\000a\000n\000\040\000a\000b\000s\000c\000i\000s\000s\000a}{section.6.3}% 56
\BOOKMARK [1][-]{section.6.4}{\376\377\000I\000m\000p\000o\000r\000t\000i\000n\000g\000\040\000d\000a\000t\000a\000\040\000f\000r\000o\000m\000\040\000e\000x\000t\000e\000r\000n\000a\000l\000\040\000f\000i\000l\000e\000s}{chapter.6}% 57
\BOOKMARK [2][-]{subsection.6.4.1}{\376\377\000G\000e\000n\000e\000r\000a\000l\000\040\000a\000p\000p\000r\000o\000a\000c\000h\000\040\000f\000o\000r\000\040\000i\000m\000p\000o\000r\000t\000i\000n\000g\000\040\000d\000a\000t\000a}{section.6.4}% 58
\BOOKMARK [1][-]{section.6.5}{\376\377\000A\000d\000d\000i\000n\000g\000\040\000a\000n\000d\000\040\000m\000e\000r\000g\000i\000n\000g\000\040\000H\000D\000F\0005\000\040\000f\000i\000l\000e\000s}{chapter.6}% 59
\BOOKMARK [0][-]{chapter.7}{\376\377\000D\000a\000t\000a\000\040\000P\000r\000o\000c\000e\000s\000s\000i\000n\000g\000\040\000w\000i\000t\000h\000\040\000H\000D\000F\0005\000\137\000B\000L\000S}{part.2}% 60
\BOOKMARK [1][-]{section.7.1}{\376\377\000S\000p\000e\000c\000i\000f\000i\000c\000a\000t\000i\000o\000n\000s}{chapter.7}% 61
\BOOKMARK [1][-]{section.7.2}{\376\377\000O\000r\000g\000a\000n\000i\000z\000a\000t\000i\000o\000n\000\040\000o\000f\000\040\000t\000h\000e\000\040\000m\000o\000d\000u\000l\000e\000s}{chapter.7}% 62
\BOOKMARK [2][-]{subsection.7.2.1}{\376\377\000H\000D\000F\0005\000\137\000B\000L\000S\000\137\000a\000n\000a\000l\000y\000s\000e}{section.7.2}% 63
\BOOKMARK [2][-]{subsection.7.2.2}{\376\377\000H\000D\000F\0005\000\137\000B\000L\000S\000\137\000t\000r\000e\000a\000t}{section.7.2}% 64
\BOOKMARK [1][-]{section.7.3}{\376\377\000U\000s\000a\000g\000e\000\040\000p\000o\000i\000n\000t\000s\000\040\000c\000o\000m\000m\000o\000n\000\040\000t\000o\000\040\000b\000o\000t\000h\000\040\000m\000o\000d\000u\000l\000e\000s}{chapter.7}% 65
\BOOKMARK [1][-]{section.7.4}{\376\377\000U\000s\000i\000n\000g\000\040\000t\000h\000e\000\040\000H\000D\000F\0005\000\137\000B\000L\000S\000\137\000a\000n\000a\000l\000y\000s\000e\000\040\000m\000o\000d\000u\000l\000e}{chapter.7}% 66
\BOOKMARK [2][-]{subsection.7.4.1}{\376\377\000E\000x\000a\000m\000p\000l\000e\000\040\000w\000i\000t\000h\000\040\000a\000\040\000V\000I\000P\000A\000\040\000s\000p\000e\000c\000t\000r\000o\000m\000e\000t\000e\000r}{section.7.4}% 67
\BOOKMARK [1][-]{section.7.5}{\376\377\000U\000s\000i\000n\000g\000\040\000t\000h\000e\000\040\000H\000D\000F\0005\000\137\000B\000L\000S\000\137\000t\000r\000e\000a\000t\000\040\000m\000o\000d\000u\000l\000e}{chapter.7}% 68
\BOOKMARK [2][-]{subsection.7.5.1}{\376\377\000E\000x\000a\000m\000p\000l\000e}{section.7.5}% 69
\BOOKMARK [0][-]{chapter.8}{\376\377\000T\000h\000e\000\040\000H\000D\000F\0005\000\137\000B\000L\000S\000\137\000a\000n\000a\000l\000y\000s\000e\000\040\000p\000a\000c\000k\000a\000g\000e}{part.2}% 70
\BOOKMARK [1][-]{section.8.1}{\376\377\000I\000n\000s\000t\000a\000l\000l\000a\000t\000i\000o\000n\000\040\000a\000n\000d\000\040\000p\000r\000e\000s\000e\000n\000t\000a\000t\000i\000o\000n}{chapter.8}% 71
\BOOKMARK [2][-]{subsection.8.1.1}{\376\377\000I\000n\000s\000t\000a\000l\000l\000a\000t\000i\000o\000n}{section.8.1}% 72
\BOOKMARK [3][-]{subsubsection.8.1.1.1}{\376\377\000W\000i\000t\000h\000\040\000p\000i\000p}{subsection.8.1.1}% 73
\BOOKMARK [3][-]{subsubsection.8.1.1.2}{\376\377\000F\000r\000o\000m\000\040\000s\000o\000u\000r\000c\000e}{subsection.8.1.1}% 74
\BOOKMARK [2][-]{subsection.8.1.2}{\376\377\000P\000r\000e\000s\000e\000n\000t\000a\000t\000i\000o\000n}{section.8.1}% 75
\BOOKMARK [0][-]{chapter.9}{\376\377\000T\000h\000e\000\040\000H\000D\000F\0005\000\137\000B\000L\000S\000\137\000t\000r\000e\000a\000t\000\040\000p\000a\000c\000k\000a\000g\000e}{part.2}% 76
\BOOKMARK [-1][-]{part.3}{\376\377\000I\000I\000I\000\040\000D\000e\000v\000e\000l\000o\000p\000e\000r\000\040\000G\000u\000i\000d\000e}{}% 77
\BOOKMARK [0][-]{chapter.10}{\376\377\000S\000e\000t\000t\000i\000n\000g\000\040\000u\000p\000\040\000t\000h\000e\000\040\000d\000e\000v\000e\000l\000o\000p\000m\000e\000n\000t\000\040\000e\000n\000v\000i\000r\000o\000n\000m\000e\000n\000t\000\040\000o\000n\000\040\000V\000i\000s\000u\000a\000l\000\040\000S\000t\000u\000d\000i\000o\000\040\000C\000o\000d\000e}{part.3}% 78
\BOOKMARK [1][-]{section.10.1}{\376\377\000S\000e\000t\000t\000i\000n\000g\000\040\000u\000p\000\040\000V\000S\000\040\000C\000o\000d\000e\000\040\000f\000o\000r\000\040\000P\000y\000t\000h\000o\000n\000\040\000d\000e\000v\000e\000l\000o\000p\000m\000e\000n\000t}{chapter.10}% 79
\BOOKMARK [2][-]{subsection.10.1.1}{\376\377\000I\000n\000s\000t\000a\000l\000l\000i\000n\000g\000\040\000V\000S\000\040\000C\000o\000d\000e}{section.10.1}% 80
\BOOKMARK [2][-]{subsection.10.1.2}{\376\377\000I\000n\000s\000t\000a\000l\000l\000i\000n\000g\000\040\000P\000y\000t\000h\000o\000n\000\040\000e\000x\000t\000e\000n\000s\000i\000o\000n\000\040\000i\000n\000\040\000V\000S\000\040\000C\000o\000d\000e}{section.10.1}% 81
\BOOKMARK [1][-]{section.10.2}{\376\377\000C\000r\000e\000a\000t\000i\000n\000g\000\040\000y\000o\000u\000r\000\040\000o\000w\000n\000\040\000G\000i\000t\000H\000u\000b\000\040\000b\000r\000a\000n\000c\000h\000\040\000a\000n\000d\000\040\000c\000o\000p\000y\000\040\000o\000f\000\040\000t\000h\000e\000\040\000H\000D\000F\0005\000\137\000B\000L\000S\000\040\000r\000e\000p\000o\000s\000i\000t\000o\000r\000y}{chapter.10}% 82
\BOOKMARK [2][-]{subsection.10.2.1}{\376\377\000I\000n\000s\000t\000a\000l\000l\000i\000n\000g\000\040\000t\000h\000e\000\040\000G\000i\000t\000\040\000e\000x\000t\000e\000n\000s\000i\000o\000n\000\040\000i\000n\000\040\000V\000S\000\040\000C\000o\000d\000e}{section.10.2}% 83
\BOOKMARK [2][-]{subsection.10.2.2}{\376\377\000C\000r\000e\000a\000t\000i\000n\000g\000\040\000t\000h\000e\000\040\000H\000D\000F\0005\000\137\000B\000L\000S\000\040\000r\000e\000p\000o\000s\000i\000t\000o\000r\000y\000\040\000l\000o\000c\000a\000l\000l\000y}{section.10.2}% 84
\BOOKMARK [2][-]{subsection.10.2.3}{\376\377\000C\000r\000e\000a\000t\000i\000n\000g\000\040\000t\000h\000e\000\040\000v\000i\000r\000t\000u\000a\000l\000\040\000e\000n\000v\000i\000r\000o\000n\000m\000e\000n\000t}{section.10.2}% 85
\BOOKMARK [2][-]{subsection.10.2.4}{\376\377\000C\000l\000o\000n\000e\000\040\000t\000h\000e\000\040\000G\000i\000t\000H\000u\000b\000\040\000r\000e\000p\000o\000s\000i\000t\000o\000r\000y}{section.10.2}% 86
\BOOKMARK [2][-]{subsection.10.2.5}{\376\377\000B\000r\000a\000n\000c\000h\000i\000n\000g\000\040\000t\000h\000e\000\040\000m\000a\000i\000n\000\040\000r\000e\000p\000o\000s\000i\000t\000o\000r\000y\000\040\000o\000f\000\040\000t\000h\000e\000\040\000p\000r\000o\000j\000e\000c\000t}{section.10.2}% 87
\BOOKMARK [2][-]{subsection.10.2.6}{\376\377\000I\000n\000s\000t\000a\000l\000l\000\040\000t\000h\000e\000\040\000p\000a\000c\000k\000a\000g\000e\000s\000\040\000i\000n\000\040\000e\000d\000i\000t\000a\000b\000l\000e\000\040\000m\000o\000d\000e}{section.10.2}% 88
\BOOKMARK [2][-]{subsection.10.2.7}{\376\377\000A\000d\000d\000i\000n\000g\000\040\000t\000h\000e\000\040\000p\000a\000t\000h\000s\000\040\000t\000o\000\040\000t\000h\000e\000\040\000s\000o\000u\000r\000c\000e\000s\000\040\000o\000f\000\040\000t\000h\000e\000\040\000t\000h\000r\000e\000e\000\040\000p\000a\000c\000k\000a\000g\000e\000s\000\040\000t\000o\000\040\000t\000h\000e\000\040\000P\000y\000t\000h\000o\000n\000\040\000i\000n\000t\000e\000r\000p\000r\000e\000t\000e\000r\000\040\000o\000f\000\040\000t\000h\000e\000\040\000V\000S\000\040\000C\000o\000d\000e\000\040\000w\000o\000r\000k\000s\000p\000a\000c\000e}{section.10.2}% 89
\BOOKMARK [0][-]{chapter.11}{\376\377\000A\000d\000d\000i\000n\000g\000\040\000a\000\040\000n\000e\000w\000\040\000f\000i\000l\000e\000\040\000f\000o\000r\000m\000a\000t\000\040\000t\000o\000\040\000t\000h\000e\000\040\000H\000D\000F\0005\000\137\000B\000L\000S\000\040\000l\000i\000b\000r\000a\000r\000y}{part.3}% 90
\BOOKMARK [-1][-]{part.4}{\376\377\000I\000V\000\040\000A\000p\000p\000l\000i\000c\000a\000t\000i\000o\000n\000\040\000P\000r\000o\000g\000r\000a\000m\000m\000i\000n\000g\000\040\000I\000n\000t\000e\000r\000f\000a\000c\000e}{}% 91
\BOOKMARK [0][-]{chapter.12}{\376\377\000H\000D\000F\0005\000\137\000B\000L\000S}{part.4}% 92
\BOOKMARK [1][-]{section.12.1}{\376\377\000H\000D\000F\0005\000\137\000B\000L\000S\000.\000W\000r\000a\000p\000p\000e\000r}{chapter.12}% 93
\BOOKMARK [1][-]{section.12.2}{\376\377\000H\000D\000F\0005\000\137\000B\000L\000S\000.\000l\000o\000a\000d\000\137\000d\000a\000t\000a}{chapter.12}% 94
\BOOKMARK [1][-]{section.12.3}{\376\377\000H\000D\000F\0005\000\137\000B\000L\000S\000.\000e\000r\000r\000o\000r\000s}{chapter.12}% 95
\BOOKMARK [0][-]{chapter.13}{\376\377\000H\000D\000F\0005\000\137\000B\000L\000S\000\137\000a\000n\000a\000l\000y\000s\000e}{part.4}% 96
\BOOKMARK [1][-]{section.13.1}{\376\377\000H\000D\000F\0005\000\137\000B\000L\000S\000\137\000a\000n\000a\000l\000y\000s\000e\000.\000A\000n\000a\000l\000y\000s\000e\000\137\000b\000a\000c\000k\000e\000n\000d}{chapter.13}% 97
\BOOKMARK [1][-]{section.13.2}{\376\377\000H\000D\000F\0005\000\137\000B\000L\000S\000\137\000a\000n\000a\000l\000y\000s\000e\000.\000A\000n\000a\000l\000y\000s\000e\000\137\000g\000e\000n\000e\000r\000a\000l}{chapter.13}% 98
\BOOKMARK [1][-]{section.13.3}{\376\377\000H\000D\000F\0005\000\137\000B\000L\000S\000\137\000a\000n\000a\000l\000y\000s\000e\000.\000A\000n\000a\000l\000y\000s\000e\000\137\000V\000I\000P\000A}{chapter.13}% 99
\BOOKMARK [0][-]{chapter.14}{\376\377\000H\000D\000F\0005\000\137\000B\000L\000S\000\137\000t\000r\000e\000a\000t}{part.4}% 100
\BOOKMARK [1][-]{section.14.1}{\376\377\000H\000D\000F\0005\000\137\000B\000L\000S\000\137\000t\000r\000e\000a\000t\000.\000T\000r\000e\000a\000t\000\137\000b\000a\000c\000k\000e\000n\000d}{chapter.14}% 101
\BOOKMARK [1][-]{section.14.2}{\376\377\000H\000D\000F\0005\000\137\000B\000L\000S\000\137\000t\000r\000e\000a\000t\000.\000M\000o\000d\000e\000l\000s}{chapter.14}% 102
\BOOKMARK [1][-]{section.14.3}{\376\377\000H\000D\000F\0005\000\137\000B\000L\000S\000\137\000t\000r\000e\000a\000t\000.\000T\000r\000e\000a\000t\000m\000e\000n\000t\000E\000r\000r\000o\000r}{chapter.14}% 103
\BOOKMARK [1][-]{section.14.4}{\376\377\000H\000D\000F\0005\000\137\000B\000L\000S\000\137\000t\000r\000e\000a\000t\000.\000T\000r\000e\000a\000t}{chapter.14}% 104
\BOOKMARK [0][-]{section*.127}{\376\377\000P\000y\000t\000h\000o\000n\000\040\000M\000o\000d\000u\000l\000e\000\040\000I\000n\000d\000e\000x}{part.4}% 105
\BOOKMARK [0][-]{section*.128}{\376\377\000I\000n\000d\000e\000x}{part.4}% 106
